STARTING FINAL ARCHITECTURE RECOVERY
Loading tokenizer...
Loading model...
Here is the final answer in the required format:


**1. Architecture Title**
Hadoop YARN Capacity Scheduler with Dynamic Resource Allocation


**2. Architectural Layers**
1. **Presentation Layer**: User Interface for Administrators and Users
2. **Application Layer**: Hadoop YARN Capacity Scheduler Package
3. **Business Logic Layer**: Queue Management, Resource Allocation, Scheduling Policies
4. **Data Access Layer**: Integration with YARN Resource Manager, Node Managers
5. **Infrastructure Layer**: Apache Hadoop YARN, External Libraries (SLF4J)


**3. Queue Hierarchy Design**
- **Root Queue**: Topmost queue, subdivided into...
  - **Parent Queues**: Containing multiple...
    - **Leaf Queues**: Directly interact with applications, enforcing capacity constraints


**4. Scheduling Flow**
1. **Application Submission**: User submits application to YARN
2. **Resource Request Generation**: Application Master generates resource request
3. **Queue Selection**: Capacity Scheduler selects appropriate leaf queue
4. **Resource Allocation**: ResourceManager allocates resources based on queue capacity and availability
5. **Container Launch**: NodeManager launches container with allocated resources


**5. Resource Allocation Behavior**
- **Dynamic Allocation**: Based on real-time application demands and cluster availability
- **Capacity-Constrained**: Ensures allocations do not exceed predefined queue capacities
- **Preemption Support**: Allows for preemption of lower-priority tasks for high-priority resource requests


**6. Preemption Mechanisms**
- **Preemption Thresholds**: Adjustable thresholds for triggering preemption
- **Task Selection for Preemption**: Based on task age, resource usage, and queue priority
- **Graceful Task Termination**: Terminates preempted tasks cleanly, preserving partial work


**7. Subsystem Interactions**
- **Capacity Scheduler & Resource Manager**: Ensure resource allocation aligns with cluster capacity and application demands
- **NodeManager & ContainerAllocator**: Collaborate for container launch with allocated resources


**8. Important Design Patterns**
- **Facade Pattern**: Simplifies complex allocation logic (ContainerAllocator)
- **Template Method Pattern**: Allows for extensibility in container allocation strategies (AbstractContainerAllocator)


**9. Distributed Systems Observations**
- **Scalability**: Designed to scale with the size of the YARN cluster
- **Fault Tolerance**: Mitigates the impact of node failures or sudden resource shortages
- **Performance Optimization**: Optimizes for reduced latency and improved overall system throughput


**10. Final Architectural Assessment**
This architecture effectively manages resource allocation and scheduling in a Hadoop YARN cluster, ensuring scalability, fault tolerance, and performance optimization. However, further enhancements could focus on:
- **Enhanced Preemption Strategies**: More sophisticated preemption policies for better resource utilization
- **Integrating Additional Schedulers**: Supporting diverse scheduling algorithms for varied workloads
- **Advanced Monitoring and Analytics**: Providing deeper insights into system performance and resource usage for informed decision-making.

Saved: architecture_reports/final_architecture.txt
FINAL ARCHITECTURE RECOVERY DONE
