STARTING FINAL ARCHITECTURE RECOVERY
Loading tokenizer...
Loading model...
Model loaded!

Loading package summaries...

Reading: capacity_core_summary.txt
Reading: preemption_summary.txt
Reading: queuemanagement_summary.txt
Reading: policy_summary.txt
Reading: conf_summary.txt
Reading: placement_summary.txt
Reading: allocator_summary.txt

Generating final architecture report...

Generation completed in 243.47 sec

====================================
FINAL ARCHITECTURE REPORT
====================================

Here is the rewritten text in the format you specified:


**Architecture Recovery Report for Hadoop YARN Capacity Scheduler Subsystem**


**1. Architecture Title**
Hadoop YARN Capacity Scheduler with Preemption Management


**2. Core Architectural Layers**

*   **Capacity Scheduler Core**:
    *   Responsible for resource allocation and scheduling decisions.
    *   Interacts with Queue Management and Resource Allocation layers.
*   **Queue Management**:
    +   Manages queue configurations, entitlements, and capacity updates.
    +   Collaborates with Capacity Scheduler Core for informed decisions.
*   **Resource Allocation**:
    -   Allocates and deallocates resources for containers/applications.
    -   Tracks resource utilization and updates user/resource metrics.
*   **Preemption**:
    *   Identifies opportunities for preemption to accommodate high-priority workloads.
    *   Acts upon these opportunities to reclaim resources.
*   **Placement and Policies**:
    +   Determines optimal container placements based on capacity constraints.
    +   Employs policies for queue ordering, resource allocation, and preemption.
*   **Configuration Management**:
    -   Stores and retrieves configuration settings for the sub-system.


**3. Queue Hierarchy Design**

*   **Root Queues**:
    *   Top-level queues in the hierarchy.
    *   Define the overall resource allocation strategy.
*   **Parent Queues**:
    *   Intermediate queues that aggregate child queues.
    *   Inherit properties from root queues; define additional constraints.
*   **Leaf Queues**:
    *   Bottom-most queues; directly serve applications.
    *   Receive allocated resources; subject to parent queue constraints.
*   **Dynamic Queue Behavior**:
    *   Queues can be dynamically created, updated, or removed.
    *   Reflects changes in workload, resource availability, or administrative actions.


**4. Scheduling and Allocation Flow**

*   **Application Submission**:
    *   Applications submit resource requests to the Capacity Scheduler.
    *   Include required resources, preferred locations, and scheduling constraints.
*   **Queue Placement**:
    *   Capacity Scheduler determines the appropriate queue for the application.
    *   Based on queue configurations, application requirements, and resource availability.
*   **Resource Assignment**:
    *   Once placed, the application is assigned resources from the selected queue.
    *   Resources are allocated based on the queue's capacity and the application's request.
*   **Container Allocation**:
    *   Allocated resources are then used to launch containers for the application.
    *   Containers execute the application's tasks, utilizing the assigned resources.
*   **Scheduling Decisions**:
    *   Ongoing monitoring and adjustments to scheduling decisions.
    *   Ensure alignment with changing resource availability and application demands.


**5. Resource Management Behavior**

*   **Capacity Enforcement**:
    *   Ensures resource allocations do not exceed defined queue capacities.
    *   Prevents overcommitment; maintains cluster stability.
*   **User Limits**:
    *   Enforces resource limits per user/group to prevent monopolization.
    *   Promotes fairness and efficient resource utilization.
*   **Queue Capacities**:
    *   Dynamically adjusts queue capacities based on workload characteristics.
    *   Reflects changes in resource availability or administrative actions.
*   **Resource Tracking**:
    *   Monitors and updates resource utilization metrics.
    *   Informs future scheduling and allocation decisions.
*   **Dynamic Updates**:
    *   Responds to changes in resource availability, workload, or queue configurations.
    *   Ensures the system remains optimized for performance and fairness.


**6. Preemption and Enforcement Mechanisms**

*   **Queue Balancing**:
    *   Identifies imbalances in queue resource utilization.
    *   Triggers preemption or resource rebalancing to restore balance.
*   **Resource Reclaiming**:
    *   Safely reclaims resources from lower-priority containers.
    *   Makes resources available for higher-priority allocations.
*   **Killable Containers**:
    *   Marks containers as killable if they can be safely preempted.
    *   Enhances system responsiveness to high-priority workloads.
*   **Scheduling Fairness**:
    *   Ensures preemption does not unfairly penalize lower-priority workloads.
    *   Maintains a balance between responsiveness and fairness.


**7. Package/Submodule Responsibilities**

*   **allocator**:
    *   Responsible for container allocation and resource assignment.
    *   Collaborates with Capacity Scheduler Core.
*   **preemption**:
    *   Identifies opportunities for preemption and acts upon them.
    *   Works closely with Queue Management and Resource Allocation.
*   **placement**:
    *   Determines optimal container placements based on capacity constraints.
    *   Employs policies for queue ordering and resource allocation.
*   **policy**:
    *   Defines and manages policies for queue ordering, resource allocation, and preemption.
    *   Influences scheduling decisions and resource management.
*   **conf**:
    *   Manages configuration settings for the sub-system.
    *   Impacts queue configurations, resource allocation, and preemption behaviors.
*   **queuemanagement**:
    *   Oversees queue configurations, entitlements, and capacity updates.
    *   Collaborates with Capacity Scheduler Core for informed decisions.
*   **capacity\_core**:
    *   Central component responsible for resource allocation and scheduling decisions.
    *   Interacts with Queue Management, Resource Allocation, and Preemption layers.


**8. Important Design Patterns**

*   **Strategy Pattern**:
    *   Employed in the implementation of different queue ordering policies.
    *   Allows for flexibility and extensibility in scheduling strategies.
*   **Template Method**:
    *   Used in the design of the Capacity Scheduler Core.
    *   Enables subclasses to redefine certain steps of the scheduling algorithm.
*   **Hierarchical Queue Composition**:
    *   Organizes queues into a hierarchical structure.
    *   Facilitates inheritance of properties and efficient resource allocation.
*   **Policy-Driven Scheduling**:
    *   Employs policies to drive scheduling decisions.
    *   Enhances flexibility and adaptability in response to varying workloads and requirements.


**9. Distributed Systems Characteristics**

*   **Scalability**:
    *   Designed to scale with the size of the YARN cluster.
    *   Efficiently manages thousands of nodes and applications.
*   **Fault Tolerance**:
    *   Incorporates mechanisms to mitigate the impact of node failures.
    *   Ensures continuous operation despite component failures.
*   **Cluster-Wide Coordination**:
    *   Coordinately manages resources across the entire YARN cluster.
    *   Optimizes for global efficiency and fairness.
*   **Resource Isolation**:
    *   Ensures resources allocated to one application cannot be inadvertently accessed by another.
    *   Maintains security and prevents unauthorized resource utilization.


**10. Final Architectural Assessment**

*   **Strengths**:
    *   Highly scalable and adaptable to diverse workloads.
    *   Effectively balances responsiveness and fairness through preemption mechanisms.
*   **Limitations**:
    *   Complexity may challenge novice administrators without thorough documentation.
    *   Potential for over-engineering if too many policies or queue configurations are implemented.
*   **Scheduler Extensibility**:
    *   Modular design facilitates easy integration of new scheduling algorithms or policies.
    *   API-first development approach simplifies extensions and customizations.
*   **Architectural Observations**:
    *   Successfully leverages YARN's distributed resource management capabilities.
    *   Demonstrates a deep understanding of scalability, fault tolerance, and performance optimization principles.

Saved: architecture_reports/final_architecture.txt
FINAL ARCHITECTURE RECOVERY DONE
