STARTING PACKAGE SUMMARIZATION
Loading tokenizer...
Loading model...
Model loaded!

Detected 7 packages

====================================
PACKAGE: capacity_core
FILES: 67
====================================
Generating summary...
Completed in 102.62 sec
Saved: package_summaries/capacity_core_summary.txt

====================================
PACKAGE: preemption
FILES: 3
====================================
Generating summary...
Completed in 130.97 sec
Saved: package_summaries/preemption_summary.txt

====================================
PACKAGE: policy
FILES: 2
====================================
Generating summary...
Completed in 133.49 sec
Saved: package_summaries/policy_summary.txt

====================================
PACKAGE: conf
FILES: 14
====================================
Generating summary...
Completed in 124.05 sec
Saved: package_summaries/conf_summary.txt

====================================
PACKAGE: queuemanagement
FILES: 4
====================================
Generating summary...
Completed in 123.96 sec
Saved: package_summaries/queuemanagement_summary.txt

====================================
PACKAGE: allocator
FILES: 5
====================================
Generating summary...
Completed in 135.84 sec
Saved: package_summaries/allocator_summary.txt

====================================
PACKAGE: placement
FILES: 4
====================================
Generating summary...
Completed in 118.41 sec
Saved: package_summaries/placement_summary.txt

ALL PACKAGE SUMMARIES COMPLETED
PACKAGE SUMMARIZATION DONE
