STARTING LEAF SUMMARIZATION
Loading tokenizer...
Loading model...
Model loaded!
Found 99 Java files

====================================
PROCESSING: /scratch/hpc-prf-dssecs/group5/week4_v2/hadoop/hadoop-yarn-project/hadoop-yarn/hadoop-yarn-server/hadoop-yarn-server-resourcemanager/src/main/java/org/apache/hadoop/yarn/server/resourcemanager/scheduler/capacity/CapacitySchedulerQueueCapacityHandler.java
====================================
Total chunks: 1
Chunk 1/1
Chunk completed in 73.30 sec
Saved: summaries/CapacitySchedulerQueueCapacityHandler.java_summary.txt

====================================
PROCESSING: /scratch/hpc-prf-dssecs/group5/week4_v2/hadoop/hadoop-yarn-project/hadoop-yarn/hadoop-yarn-server/hadoop-yarn-server-resourcemanager/src/main/java/org/apache/hadoop/yarn/server/resourcemanager/scheduler/capacity/AutoCreatedQueueManagementPolicy.java
====================================
Total chunks: 1
Chunk 1/1
Chunk completed in 59.77 sec
Saved: summaries/AutoCreatedQueueManagementPolicy.java_summary.txt

====================================
PROCESSING: /scratch/hpc-prf-dssecs/group5/week4_v2/hadoop/hadoop-yarn-project/hadoop-yarn/hadoop-yarn-server/hadoop-yarn-server-resourcemanager/src/main/java/org/apache/hadoop/yarn/server/resourcemanager/scheduler/capacity/ResourceVector.java
====================================
Total chunks: 1
Chunk 1/1
Chunk completed in 55.85 sec
Saved: summaries/ResourceVector.java_summary.txt

====================================
PROCESSING: /scratch/hpc-prf-dssecs/group5/week4_v2/hadoop/hadoop-yarn-project/hadoop-yarn/hadoop-yarn-server/hadoop-yarn-server-resourcemanager/src/main/java/org/apache/hadoop/yarn/server/resourcemanager/scheduler/capacity/QueuePath.java
====================================
Total chunks: 1
Chunk 1/1
Chunk completed in 56.00 sec
Saved: summaries/QueuePath.java_summary.txt

====================================
PROCESSING: /scratch/hpc-prf-dssecs/group5/week4_v2/hadoop/hadoop-yarn-project/hadoop-yarn/hadoop-yarn-server/hadoop-yarn-server-resourcemanager/src/main/java/org/apache/hadoop/yarn/server/resourcemanager/scheduler/capacity/RootQueueCapacityCalculator.java
====================================
Total chunks: 1
Chunk 1/1
Chunk completed in 47.85 sec
Saved: summaries/RootQueueCapacityCalculator.java_summary.txt

====================================
PROCESSING: /scratch/hpc-prf-dssecs/group5/week4_v2/hadoop/hadoop-yarn-project/hadoop-yarn/hadoop-yarn-server/hadoop-yarn-server-resourcemanager/src/main/java/org/apache/hadoop/yarn/server/resourcemanager/scheduler/capacity/QueueCapacityVector.java
====================================
Total chunks: 1
Chunk 1/1
Chunk completed in 68.31 sec
Saved: summaries/QueueCapacityVector.java_summary.txt

====================================
PROCESSING: /scratch/hpc-prf-dssecs/group5/week4_v2/hadoop/hadoop-yarn-project/hadoop-yarn/hadoop-yarn-server/hadoop-yarn-server-resourcemanager/src/main/java/org/apache/hadoop/yarn/server/resourcemanager/scheduler/capacity/LeafQueue.java
====================================
Total chunks: 1
Chunk 1/1
Chunk completed in 59.72 sec
Saved: summaries/LeafQueue.java_summary.txt

====================================
PROCESSING: /scratch/hpc-prf-dssecs/group5/week4_v2/hadoop/hadoop-yarn-project/hadoop-yarn/hadoop-yarn-server/hadoop-yarn-server-resourcemanager/src/main/java/org/apache/hadoop/yarn/server/resourcemanager/scheduler/capacity/AutoCreatedLeafQueue.java
====================================
Total chunks: 1
Chunk 1/1
Chunk completed in 62.02 sec
Saved: summaries/AutoCreatedLeafQueue.java_summary.txt

====================================
PROCESSING: /scratch/hpc-prf-dssecs/group5/week4_v2/hadoop/hadoop-yarn-project/hadoop-yarn/hadoop-yarn-server/hadoop-yarn-server-resourcemanager/src/main/java/org/apache/hadoop/yarn/server/resourcemanager/scheduler/capacity/UsersManager.java
====================================
Total chunks: 4
Chunk 1/4
Chunk completed in 75.35 sec
Chunk 2/4
Chunk completed in 62.14 sec
Chunk 3/4
Chunk completed in 68.84 sec
Chunk 4/4
Chunk completed in 58.46 sec
Saved: summaries/UsersManager.java_summary.txt

====================================
PROCESSING: /scratch/hpc-prf-dssecs/group5/week4_v2/hadoop/hadoop-yarn-project/hadoop-yarn/hadoop-yarn-server/hadoop-yarn-server-resourcemanager/src/main/java/org/apache/hadoop/yarn/server/resourcemanager/scheduler/capacity/AbsoluteResourceCapacityCalculator.java
====================================
Total chunks: 1
Chunk 1/1
Chunk completed in 58.57 sec
Saved: summaries/AbsoluteResourceCapacityCalculator.java_summary.txt

====================================
PROCESSING: /scratch/hpc-prf-dssecs/group5/week4_v2/hadoop/hadoop-yarn-project/hadoop-yarn/hadoop-yarn-server/hadoop-yarn-server-resourcemanager/src/main/java/org/apache/hadoop/yarn/server/resourcemanager/scheduler/capacity/QueueResourceRoundingStrategy.java
====================================
Total chunks: 1
Chunk 1/1
Chunk completed in 38.88 sec
Saved: summaries/QueueResourceRoundingStrategy.java_summary.txt

====================================
PROCESSING: /scratch/hpc-prf-dssecs/group5/week4_v2/hadoop/hadoop-yarn-project/hadoop-yarn/hadoop-yarn-server/hadoop-yarn-server-resourcemanager/src/main/java/org/apache/hadoop/yarn/server/resourcemanager/scheduler/capacity/QueueManagementChange.java
====================================
Total chunks: 1
Chunk 1/1
Chunk completed in 53.57 sec
Saved: summaries/QueueManagementChange.java_summary.txt

====================================
PROCESSING: /scratch/hpc-prf-dssecs/group5/week4_v2/hadoop/hadoop-yarn-project/hadoop-yarn/hadoop-yarn-server/hadoop-yarn-server-resourcemanager/src/main/java/org/apache/hadoop/yarn/server/resourcemanager/scheduler/capacity/preemption/PreemptableQueue.java
====================================
Total chunks: 1
Chunk 1/1
Chunk completed in 55.20 sec
Saved: summaries/preemption_PreemptableQueue.java_summary.txt

====================================
PROCESSING: /scratch/hpc-prf-dssecs/group5/week4_v2/hadoop/hadoop-yarn-project/hadoop-yarn/hadoop-yarn-server/hadoop-yarn-server-resourcemanager/src/main/java/org/apache/hadoop/yarn/server/resourcemanager/scheduler/capacity/preemption/PreemptionManager.java
====================================
Total chunks: 1
Chunk 1/1
Chunk completed in 67.68 sec
Saved: summaries/preemption_PreemptionManager.java_summary.txt

====================================
PROCESSING: /scratch/hpc-prf-dssecs/group5/week4_v2/hadoop/hadoop-yarn-project/hadoop-yarn/hadoop-yarn-server/hadoop-yarn-server-resourcemanager/src/main/java/org/apache/hadoop/yarn/server/resourcemanager/scheduler/capacity/preemption/KillableContainer.java
====================================
Total chunks: 1
Chunk 1/1
Chunk completed in 40.60 sec
Saved: summaries/preemption_KillableContainer.java_summary.txt

====================================
PROCESSING: /scratch/hpc-prf-dssecs/group5/week4_v2/hadoop/hadoop-yarn-project/hadoop-yarn/hadoop-yarn-server/hadoop-yarn-server-resourcemanager/src/main/java/org/apache/hadoop/yarn/server/resourcemanager/scheduler/capacity/ManagedParentQueue.java
====================================
Total chunks: 2
Chunk 1/2
Chunk completed in 68.11 sec
Chunk 2/2
Chunk completed in 58.53 sec
Saved: summaries/ManagedParentQueue.java_summary.txt

====================================
PROCESSING: /scratch/hpc-prf-dssecs/group5/week4_v2/hadoop/hadoop-yarn-project/hadoop-yarn/hadoop-yarn-server/hadoop-yarn-server-resourcemanager/src/main/java/org/apache/hadoop/yarn/server/resourcemanager/scheduler/capacity/CSQueueUtils.java
====================================
Total chunks: 2
Chunk 1/2
Chunk completed in 64.63 sec
Chunk 2/2
Chunk completed in 53.21 sec
Saved: summaries/CSQueueUtils.java_summary.txt

====================================
PROCESSING: /scratch/hpc-prf-dssecs/group5/week4_v2/hadoop/hadoop-yarn-project/hadoop-yarn/hadoop-yarn-server/hadoop-yarn-server-resourcemanager/src/main/java/org/apache/hadoop/yarn/server/resourcemanager/scheduler/capacity/ConfigurationProperties.java
====================================
Total chunks: 1
Chunk 1/1
Chunk completed in 42.49 sec
Saved: summaries/ConfigurationProperties.java_summary.txt

====================================
PROCESSING: /scratch/hpc-prf-dssecs/group5/week4_v2/hadoop/hadoop-yarn-project/hadoop-yarn/hadoop-yarn-server/hadoop-yarn-server-resourcemanager/src/main/java/org/apache/hadoop/yarn/server/resourcemanager/scheduler/capacity/QueueNodeLabelsSettings.java
====================================
Total chunks: 1
Chunk 1/1
Chunk completed in 56.84 sec
Saved: summaries/QueueNodeLabelsSettings.java_summary.txt

====================================
PROCESSING: /scratch/hpc-prf-dssecs/group5/week4_v2/hadoop/hadoop-yarn-project/hadoop-yarn/hadoop-yarn-server/hadoop-yarn-server-resourcemanager/src/main/java/org/apache/hadoop/yarn/server/resourcemanager/scheduler/capacity/CapacitySchedulerContext.java
====================================
Total chunks: 1
Chunk 1/1
Chunk completed in 53.29 sec
Saved: summaries/CapacitySchedulerContext.java_summary.txt

====================================
PROCESSING: /scratch/hpc-prf-dssecs/group5/week4_v2/hadoop/hadoop-yarn-project/hadoop-yarn/hadoop-yarn-server/hadoop-yarn-server-resourcemanager/src/main/java/org/apache/hadoop/yarn/server/resourcemanager/scheduler/capacity/QueueAllocationSettings.java
====================================
Total chunks: 1
Chunk 1/1
Chunk completed in 56.72 sec
Saved: summaries/QueueAllocationSettings.java_summary.txt

====================================
PROCESSING: /scratch/hpc-prf-dssecs/group5/week4_v2/hadoop/hadoop-yarn-project/hadoop-yarn/hadoop-yarn-server/hadoop-yarn-server-resourcemanager/src/main/java/org/apache/hadoop/yarn/server/resourcemanager/scheduler/capacity/AutoCreatedLeafQueueConfig.java
====================================
Total chunks: 1
Chunk 1/1
Chunk completed in 46.54 sec
Saved: summaries/AutoCreatedLeafQueueConfig.java_summary.txt

====================================
PROCESSING: /scratch/hpc-prf-dssecs/group5/week4_v2/hadoop/hadoop-yarn-project/hadoop-yarn/hadoop-yarn-server/hadoop-yarn-server-resourcemanager/src/main/java/org/apache/hadoop/yarn/server/resourcemanager/scheduler/capacity/CSAssignment.java
====================================
Total chunks: 1
Chunk 1/1
Chunk completed in 66.56 sec
Saved: summaries/CSAssignment.java_summary.txt

====================================
PROCESSING: /scratch/hpc-prf-dssecs/group5/week4_v2/hadoop/hadoop-yarn-project/hadoop-yarn/hadoop-yarn-server/hadoop-yarn-server-resourcemanager/src/main/java/org/apache/hadoop/yarn/server/resourcemanager/scheduler/capacity/CSQueueUsageTracker.java
====================================
Total chunks: 1
Chunk 1/1
Chunk completed in 54.02 sec
Saved: summaries/CSQueueUsageTracker.java_summary.txt

====================================
PROCESSING: /scratch/hpc-prf-dssecs/group5/week4_v2/hadoop/hadoop-yarn-project/hadoop-yarn/hadoop-yarn-server/hadoop-yarn-server-resourcemanager/src/main/java/org/apache/hadoop/yarn/server/resourcemanager/scheduler/capacity/CapacitySchedulerConfiguration.java
====================================
Total chunks: 10
Chunk 1/10
Chunk completed in 70.84 sec
Chunk 2/10
Chunk completed in 60.32 sec
Chunk 3/10
Chunk completed in 76.58 sec
Chunk 4/10
Chunk completed in 70.61 sec
Chunk 5/10
Chunk completed in 73.77 sec
Chunk 6/10
Chunk completed in 76.06 sec
Chunk 7/10
Chunk completed in 79.82 sec
Chunk 8/10
Chunk completed in 59.40 sec
Chunk 9/10
Chunk completed in 59.06 sec
Chunk 10/10
Chunk completed in 44.92 sec
Saved: summaries/CapacitySchedulerConfiguration.java_summary.txt

====================================
PROCESSING: /scratch/hpc-prf-dssecs/group5/week4_v2/hadoop/hadoop-yarn-project/hadoop-yarn/hadoop-yarn-server/hadoop-yarn-server-resourcemanager/src/main/java/org/apache/hadoop/yarn/server/resourcemanager/scheduler/capacity/CSAMContainerLaunchDiagnosticsConstants.java
====================================
Total chunks: 1
Chunk 1/1
Chunk completed in 31.51 sec
Saved: summaries/CSAMContainerLaunchDiagnosticsConstants.java_summary.txt

====================================
PROCESSING: /scratch/hpc-prf-dssecs/group5/week4_v2/hadoop/hadoop-yarn-project/hadoop-yarn/hadoop-yarn-server/hadoop-yarn-server-resourcemanager/src/main/java/org/apache/hadoop/yarn/server/resourcemanager/scheduler/capacity/AbstractCSQueue.java
====================================
Total chunks: 5
Chunk 1/5
Chunk completed in 69.08 sec
Chunk 2/5
Chunk completed in 61.24 sec
Chunk 3/5
Chunk completed in 65.32 sec
Chunk 4/5
Chunk completed in 74.22 sec
Chunk 5/5
Chunk completed in 65.42 sec
Saved: summaries/AbstractCSQueue.java_summary.txt

====================================
PROCESSING: /scratch/hpc-prf-dssecs/group5/week4_v2/hadoop/hadoop-yarn-project/hadoop-yarn/hadoop-yarn-server/hadoop-yarn-server-resourcemanager/src/main/java/org/apache/hadoop/yarn/server/resourcemanager/scheduler/capacity/queuemanagement/package-info.java
====================================
Total chunks: 1
Chunk 1/1
Chunk completed in 43.85 sec
Saved: summaries/queuemanagement_package-info.java_summary.txt

====================================
PROCESSING: /scratch/hpc-prf-dssecs/group5/week4_v2/hadoop/hadoop-yarn-project/hadoop-yarn/hadoop-yarn-server/hadoop-yarn-server-resourcemanager/src/main/java/org/apache/hadoop/yarn/server/resourcemanager/scheduler/capacity/queuemanagement/LeafQueueEntitlements.java
====================================
Total chunks: 1
Chunk 1/1
Chunk completed in 65.80 sec
Saved: summaries/queuemanagement_LeafQueueEntitlements.java_summary.txt

====================================
PROCESSING: /scratch/hpc-prf-dssecs/group5/week4_v2/hadoop/hadoop-yarn-project/hadoop-yarn/hadoop-yarn-server/hadoop-yarn-server-resourcemanager/src/main/java/org/apache/hadoop/yarn/server/resourcemanager/scheduler/capacity/queuemanagement/GuaranteedOrZeroCapacityOverTimePolicy.java
====================================
Total chunks: 3
Chunk 1/3
Chunk completed in 76.96 sec
Chunk 2/3
Chunk completed in 63.33 sec
Chunk 3/3
Chunk completed in 61.91 sec
Saved: summaries/queuemanagement_GuaranteedOrZeroCapacityOverTimePolicy.java_summary.txt

====================================
PROCESSING: /scratch/hpc-prf-dssecs/group5/week4_v2/hadoop/hadoop-yarn-project/hadoop-yarn/hadoop-yarn-server/hadoop-yarn-server-resourcemanager/src/main/java/org/apache/hadoop/yarn/server/resourcemanager/scheduler/capacity/queuemanagement/DeactivatedLeafQueuesByLabel.java
====================================
Total chunks: 1
Chunk 1/1
Chunk completed in 72.19 sec
Saved: summaries/queuemanagement_DeactivatedLeafQueuesByLabel.java_summary.txt

====================================
PROCESSING: /scratch/hpc-prf-dssecs/group5/week4_v2/hadoop/hadoop-yarn-project/hadoop-yarn/hadoop-yarn-server/hadoop-yarn-server-resourcemanager/src/main/java/org/apache/hadoop/yarn/server/resourcemanager/scheduler/capacity/CapacitySchedulerMetrics.java
====================================
Total chunks: 1
Chunk 1/1
Chunk completed in 56.02 sec
Saved: summaries/CapacitySchedulerMetrics.java_summary.txt

====================================
PROCESSING: /scratch/hpc-prf-dssecs/group5/week4_v2/hadoop/hadoop-yarn-project/hadoop-yarn/hadoop-yarn-server/hadoop-yarn-server-resourcemanager/src/main/java/org/apache/hadoop/yarn/server/resourcemanager/scheduler/capacity/QueueUpdateWarning.java
====================================
Total chunks: 1
Chunk 1/1
Chunk completed in 52.08 sec
Saved: summaries/QueueUpdateWarning.java_summary.txt

====================================
PROCESSING: /scratch/hpc-prf-dssecs/group5/week4_v2/hadoop/hadoop-yarn-project/hadoop-yarn/hadoop-yarn-server/hadoop-yarn-server-resourcemanager/src/main/java/org/apache/hadoop/yarn/server/resourcemanager/scheduler/capacity/AppPriorityACLConfigurationParser.java
====================================
Total chunks: 1
Chunk 1/1
Chunk completed in 52.83 sec
Saved: summaries/AppPriorityACLConfigurationParser.java_summary.txt

====================================
PROCESSING: /scratch/hpc-prf-dssecs/group5/week4_v2/hadoop/hadoop-yarn-project/hadoop-yarn/hadoop-yarn-server/hadoop-yarn-server-resourcemanager/src/main/java/org/apache/hadoop/yarn/server/resourcemanager/scheduler/capacity/AbstractParentQueue.java
====================================
Total chunks: 6
Chunk 1/6
Chunk completed in 60.01 sec
Chunk 2/6
Chunk completed in 74.38 sec
Chunk 3/6
Chunk completed in 64.84 sec
Chunk 4/6
Chunk completed in 69.83 sec
Chunk 5/6
Chunk completed in 70.63 sec
Chunk 6/6
Chunk completed in 69.21 sec
Saved: summaries/AbstractParentQueue.java_summary.txt

====================================
PROCESSING: /scratch/hpc-prf-dssecs/group5/week4_v2/hadoop/hadoop-yarn-project/hadoop-yarn/hadoop-yarn-server/hadoop-yarn-server-resourcemanager/src/main/java/org/apache/hadoop/yarn/server/resourcemanager/scheduler/capacity/UserInfo.java
====================================
Total chunks: 1
Chunk 1/1
Chunk completed in 59.66 sec
Saved: summaries/UserInfo.java_summary.txt

====================================
PROCESSING: /scratch/hpc-prf-dssecs/group5/week4_v2/hadoop/hadoop-yarn-project/hadoop-yarn/hadoop-yarn-server/hadoop-yarn-server-resourcemanager/src/main/java/org/apache/hadoop/yarn/server/resourcemanager/scheduler/capacity/DefaultQueueResourceRoundingStrategy.java
====================================
Total chunks: 1
Chunk 1/1
Chunk completed in 43.46 sec
Saved: summaries/DefaultQueueResourceRoundingStrategy.java_summary.txt

====================================
PROCESSING: /scratch/hpc-prf-dssecs/group5/week4_v2/hadoop/hadoop-yarn-project/hadoop-yarn/hadoop-yarn-server/hadoop-yarn-server-resourcemanager/src/main/java/org/apache/hadoop/yarn/server/resourcemanager/scheduler/capacity/AbstractAutoCreatedLeafQueue.java
====================================
Total chunks: 1
Chunk 1/1
Chunk completed in 49.49 sec
Saved: summaries/AbstractAutoCreatedLeafQueue.java_summary.txt

====================================
PROCESSING: /scratch/hpc-prf-dssecs/group5/week4_v2/hadoop/hadoop-yarn-project/hadoop-yarn/hadoop-yarn-server/hadoop-yarn-server-resourcemanager/src/main/java/org/apache/hadoop/yarn/server/resourcemanager/scheduler/capacity/AbstractLeafQueue.java
====================================
Total chunks: 9
Chunk 1/9
Chunk completed in 69.16 sec
Chunk 2/9
Chunk completed in 68.48 sec
Chunk 3/9
Chunk completed in 69.18 sec
Chunk 4/9
Chunk completed in 73.90 sec
Chunk 5/9
Chunk completed in 74.29 sec
Chunk 6/9
Chunk completed in 71.76 sec
Chunk 7/9
Chunk completed in 69.94 sec
Chunk 8/9
Chunk completed in 60.91 sec
Chunk 9/9
Chunk completed in 67.93 sec
Saved: summaries/AbstractLeafQueue.java_summary.txt

====================================
PROCESSING: /scratch/hpc-prf-dssecs/group5/week4_v2/hadoop/hadoop-yarn-project/hadoop-yarn/hadoop-yarn-server/hadoop-yarn-server-resourcemanager/src/main/java/org/apache/hadoop/yarn/server/resourcemanager/scheduler/capacity/AutoCreatedQueueTemplate.java
====================================
Total chunks: 1
Chunk 1/1
Chunk completed in 50.70 sec
Saved: summaries/AutoCreatedQueueTemplate.java_summary.txt

====================================
PROCESSING: /scratch/hpc-prf-dssecs/group5/week4_v2/hadoop/hadoop-yarn-project/hadoop-yarn/hadoop-yarn-server/hadoop-yarn-server-resourcemanager/src/main/java/org/apache/hadoop/yarn/server/resourcemanager/scheduler/capacity/AppPriorityACLGroup.java
====================================
Total chunks: 1
Chunk 1/1
Chunk completed in 41.43 sec
Saved: summaries/AppPriorityACLGroup.java_summary.txt

====================================
PROCESSING: /scratch/hpc-prf-dssecs/group5/week4_v2/hadoop/hadoop-yarn-project/hadoop-yarn/hadoop-yarn-server/hadoop-yarn-server-resourcemanager/src/main/java/org/apache/hadoop/yarn/server/resourcemanager/scheduler/capacity/conf/YarnConfigurationStoreFactory.java
====================================
Total chunks: 1
Chunk 1/1
Chunk completed in 44.82 sec
Saved: summaries/conf_YarnConfigurationStoreFactory.java_summary.txt

====================================
PROCESSING: /scratch/hpc-prf-dssecs/group5/week4_v2/hadoop/hadoop-yarn-project/hadoop-yarn/hadoop-yarn-server/hadoop-yarn-server-resourcemanager/src/main/java/org/apache/hadoop/yarn/server/resourcemanager/scheduler/capacity/conf/MutableCSConfigurationProvider.java
====================================
Total chunks: 1
Chunk 1/1
Chunk completed in 66.68 sec
Saved: summaries/conf_MutableCSConfigurationProvider.java_summary.txt

====================================
PROCESSING: /scratch/hpc-prf-dssecs/group5/week4_v2/hadoop/hadoop-yarn-project/hadoop-yarn/hadoop-yarn-server/hadoop-yarn-server-resourcemanager/src/main/java/org/apache/hadoop/yarn/server/resourcemanager/scheduler/capacity/conf/ConfigurationUpdateAssembler.java
====================================
Total chunks: 1
Chunk 1/1
Chunk completed in 49.86 sec
Saved: summaries/conf_ConfigurationUpdateAssembler.java_summary.txt

====================================
PROCESSING: /scratch/hpc-prf-dssecs/group5/week4_v2/hadoop/hadoop-yarn-project/hadoop-yarn/hadoop-yarn-server/hadoop-yarn-server-resourcemanager/src/main/java/org/apache/hadoop/yarn/server/resourcemanager/scheduler/capacity/conf/package-info.java
====================================
Total chunks: 1
Chunk 1/1
Chunk completed in 36.05 sec
Saved: summaries/conf_package-info.java_summary.txt

====================================
PROCESSING: /scratch/hpc-prf-dssecs/group5/week4_v2/hadoop/hadoop-yarn-project/hadoop-yarn/hadoop-yarn-server/hadoop-yarn-server-resourcemanager/src/main/java/org/apache/hadoop/yarn/server/resourcemanager/scheduler/capacity/conf/CSConfigurationProvider.java
====================================
Total chunks: 1
Chunk 1/1
Chunk completed in 42.68 sec
Saved: summaries/conf_CSConfigurationProvider.java_summary.txt

====================================
PROCESSING: /scratch/hpc-prf-dssecs/group5/week4_v2/hadoop/hadoop-yarn-project/hadoop-yarn/hadoop-yarn-server/hadoop-yarn-server-resourcemanager/src/main/java/org/apache/hadoop/yarn/server/resourcemanager/scheduler/capacity/conf/FSSchedulerConfigurationStore.java
====================================
Total chunks: 2
Chunk 1/2
Chunk completed in 61.44 sec
Chunk 2/2
Chunk completed in 45.07 sec
Saved: summaries/conf_FSSchedulerConfigurationStore.java_summary.txt

====================================
PROCESSING: /scratch/hpc-prf-dssecs/group5/week4_v2/hadoop/hadoop-yarn-project/hadoop-yarn/hadoop-yarn-server/hadoop-yarn-server-resourcemanager/src/main/java/org/apache/hadoop/yarn/server/resourcemanager/scheduler/capacity/conf/YarnConfStoreVersionIncompatibleException.java
====================================
Total chunks: 1
Chunk 1/1
Chunk completed in 37.02 sec
Saved: summaries/conf_YarnConfStoreVersionIncompatibleException.java_summary.txt

====================================
PROCESSING: /scratch/hpc-prf-dssecs/group5/week4_v2/hadoop/hadoop-yarn-project/hadoop-yarn/hadoop-yarn-server/hadoop-yarn-server-resourcemanager/src/main/java/org/apache/hadoop/yarn/server/resourcemanager/scheduler/capacity/conf/QueueCapacityConfigParser.java
====================================
Total chunks: 1
Chunk 1/1
Chunk completed in 48.99 sec
Saved: summaries/conf_QueueCapacityConfigParser.java_summary.txt

====================================
PROCESSING: /scratch/hpc-prf-dssecs/group5/week4_v2/hadoop/hadoop-yarn-project/hadoop-yarn/hadoop-yarn-server/hadoop-yarn-server-resourcemanager/src/main/java/org/apache/hadoop/yarn/server/resourcemanager/scheduler/capacity/conf/LeveldbConfigurationStore.java
====================================
Total chunks: 1
Chunk 1/1
Chunk completed in 68.69 sec
Saved: summaries/conf_LeveldbConfigurationStore.java_summary.txt

====================================
PROCESSING: /scratch/hpc-prf-dssecs/group5/week4_v2/hadoop/hadoop-yarn-project/hadoop-yarn/hadoop-yarn-server/hadoop-yarn-server-resourcemanager/src/main/java/org/apache/hadoop/yarn/server/resourcemanager/scheduler/capacity/conf/QueueAdminConfigurationMutationACLPolicy.java
====================================
Total chunks: 1
Chunk 1/1
Chunk completed in 45.42 sec
Saved: summaries/conf_QueueAdminConfigurationMutationACLPolicy.java_summary.txt

====================================
PROCESSING: /scratch/hpc-prf-dssecs/group5/week4_v2/hadoop/hadoop-yarn-project/hadoop-yarn/hadoop-yarn-server/hadoop-yarn-server-resourcemanager/src/main/java/org/apache/hadoop/yarn/server/resourcemanager/scheduler/capacity/conf/ZKConfigurationStore.java
====================================
Total chunks: 2
Chunk 1/2
Chunk completed in 67.42 sec
Chunk 2/2
Chunk completed in 46.80 sec
Saved: summaries/conf_ZKConfigurationStore.java_summary.txt

====================================
PROCESSING: /scratch/hpc-prf-dssecs/group5/week4_v2/hadoop/hadoop-yarn-project/hadoop-yarn/hadoop-yarn-server/hadoop-yarn-server-resourcemanager/src/main/java/org/apache/hadoop/yarn/server/resourcemanager/scheduler/capacity/conf/YarnConfigurationStore.java
====================================
Total chunks: 1
Chunk 1/1
Chunk completed in 48.86 sec
Saved: summaries/conf_YarnConfigurationStore.java_summary.txt

====================================
PROCESSING: /scratch/hpc-prf-dssecs/group5/week4_v2/hadoop/hadoop-yarn-project/hadoop-yarn/hadoop-yarn-server/hadoop-yarn-server-resourcemanager/src/main/java/org/apache/hadoop/yarn/server/resourcemanager/scheduler/capacity/conf/InMemoryConfigurationStore.java
====================================
Total chunks: 1
Chunk 1/1
Chunk completed in 50.95 sec
Saved: summaries/conf_InMemoryConfigurationStore.java_summary.txt

====================================
PROCESSING: /scratch/hpc-prf-dssecs/group5/week4_v2/hadoop/hadoop-yarn-project/hadoop-yarn/hadoop-yarn-server/hadoop-yarn-server-resourcemanager/src/main/java/org/apache/hadoop/yarn/server/resourcemanager/scheduler/capacity/conf/FileBasedCSConfigurationProvider.java
====================================
Total chunks: 1
Chunk 1/1
Chunk completed in 45.07 sec
Saved: summaries/conf_FileBasedCSConfigurationProvider.java_summary.txt

====================================
PROCESSING: /scratch/hpc-prf-dssecs/group5/week4_v2/hadoop/hadoop-yarn-project/hadoop-yarn/hadoop-yarn-server/hadoop-yarn-server-resourcemanager/src/main/java/org/apache/hadoop/yarn/server/resourcemanager/scheduler/capacity/CSQueueMetrics.java
====================================
Total chunks: 2
Chunk 1/2
Chunk completed in 65.59 sec
Chunk 2/2
Chunk completed in 54.05 sec
Saved: summaries/CSQueueMetrics.java_summary.txt

====================================
PROCESSING: /scratch/hpc-prf-dssecs/group5/week4_v2/hadoop/hadoop-yarn-project/hadoop-yarn/hadoop-yarn-server/hadoop-yarn-server-resourcemanager/src/main/java/org/apache/hadoop/yarn/server/resourcemanager/scheduler/capacity/policy/PriorityUtilizationQueueOrderingPolicy.java
====================================
Total chunks: 1
Chunk 1/1
Chunk completed in 58.02 sec
Saved: summaries/policy_PriorityUtilizationQueueOrderingPolicy.java_summary.txt

====================================
PROCESSING: /scratch/hpc-prf-dssecs/group5/week4_v2/hadoop/hadoop-yarn-project/hadoop-yarn/hadoop-yarn-server/hadoop-yarn-server-resourcemanager/src/main/java/org/apache/hadoop/yarn/server/resourcemanager/scheduler/capacity/policy/QueueOrderingPolicy.java
====================================
Total chunks: 1
Chunk 1/1
Chunk completed in 47.82 sec
Saved: summaries/policy_QueueOrderingPolicy.java_summary.txt

====================================
PROCESSING: /scratch/hpc-prf-dssecs/group5/week4_v2/hadoop/hadoop-yarn-project/hadoop-yarn/hadoop-yarn-server/hadoop-yarn-server-resourcemanager/src/main/java/org/apache/hadoop/yarn/server/resourcemanager/scheduler/capacity/CSQueue.java
====================================
Total chunks: 2
Chunk 1/2
Chunk completed in 61.95 sec
Chunk 2/2
Chunk completed in 58.83 sec
Saved: summaries/CSQueue.java_summary.txt

====================================
PROCESSING: /scratch/hpc-prf-dssecs/group5/week4_v2/hadoop/hadoop-yarn-project/hadoop-yarn/hadoop-yarn-server/hadoop-yarn-server-resourcemanager/src/main/java/org/apache/hadoop/yarn/server/resourcemanager/scheduler/capacity/QueueCapacities.java
====================================
Total chunks: 1
Chunk 1/1
Chunk completed in 71.11 sec
Saved: summaries/QueueCapacities.java_summary.txt

====================================
PROCESSING: /scratch/hpc-prf-dssecs/group5/week4_v2/hadoop/hadoop-yarn-project/hadoop-yarn/hadoop-yarn-server/hadoop-yarn-server-resourcemanager/src/main/java/org/apache/hadoop/yarn/server/resourcemanager/scheduler/capacity/QueueAppLifetimeAndLimitSettings.java
====================================
Total chunks: 1
Chunk 1/1
Chunk completed in 54.12 sec
Saved: summaries/QueueAppLifetimeAndLimitSettings.java_summary.txt

====================================
PROCESSING: /scratch/hpc-prf-dssecs/group5/week4_v2/hadoop/hadoop-yarn-project/hadoop-yarn/hadoop-yarn-server/hadoop-yarn-server-resourcemanager/src/main/java/org/apache/hadoop/yarn/server/resourcemanager/scheduler/capacity/QueueStateHelper.java
====================================
Total chunks: 1
Chunk 1/1
Chunk completed in 56.75 sec
Saved: summaries/QueueStateHelper.java_summary.txt

====================================
PROCESSING: /scratch/hpc-prf-dssecs/group5/week4_v2/hadoop/hadoop-yarn-project/hadoop-yarn/hadoop-yarn-server/hadoop-yarn-server-resourcemanager/src/main/java/org/apache/hadoop/yarn/server/resourcemanager/scheduler/capacity/WorkflowPriorityMappingsManager.java
====================================
Total chunks: 1
Chunk 1/1
Chunk completed in 67.98 sec
Saved: summaries/WorkflowPriorityMappingsManager.java_summary.txt

====================================
PROCESSING: /scratch/hpc-prf-dssecs/group5/week4_v2/hadoop/hadoop-yarn-project/hadoop-yarn/hadoop-yarn-server/hadoop-yarn-server-resourcemanager/src/main/java/org/apache/hadoop/yarn/server/resourcemanager/scheduler/capacity/AbstractManagedParentQueue.java
====================================
Total chunks: 1
Chunk 1/1
Chunk completed in 58.72 sec
Saved: summaries/AbstractManagedParentQueue.java_summary.txt

====================================
PROCESSING: /scratch/hpc-prf-dssecs/group5/week4_v2/hadoop/hadoop-yarn-project/hadoop-yarn/hadoop-yarn-server/hadoop-yarn-server-resourcemanager/src/main/java/org/apache/hadoop/yarn/server/resourcemanager/scheduler/capacity/CapacitySchedulerConfigValidator.java
====================================
Total chunks: 1
Chunk 1/1
Chunk completed in 57.50 sec
Saved: summaries/CapacitySchedulerConfigValidator.java_summary.txt

====================================
PROCESSING: /scratch/hpc-prf-dssecs/group5/week4_v2/hadoop/hadoop-yarn-project/hadoop-yarn/hadoop-yarn-server/hadoop-yarn-server-resourcemanager/src/main/java/org/apache/hadoop/yarn/server/resourcemanager/scheduler/capacity/CapacityHeadroomProvider.java
====================================
Total chunks: 1
Chunk 1/1
Chunk completed in 53.58 sec
Saved: summaries/CapacityHeadroomProvider.java_summary.txt

====================================
PROCESSING: /scratch/hpc-prf-dssecs/group5/week4_v2/hadoop/hadoop-yarn-project/hadoop-yarn/hadoop-yarn-server/hadoop-yarn-server-resourcemanager/src/main/java/org/apache/hadoop/yarn/server/resourcemanager/scheduler/capacity/AutoCreatedQueueDeletionPolicy.java
====================================
Total chunks: 1
Chunk 1/1
Chunk completed in 60.77 sec
Saved: summaries/AutoCreatedQueueDeletionPolicy.java_summary.txt

====================================
PROCESSING: /scratch/hpc-prf-dssecs/group5/week4_v2/hadoop/hadoop-yarn-project/hadoop-yarn/hadoop-yarn-server/hadoop-yarn-server-resourcemanager/src/main/java/org/apache/hadoop/yarn/server/resourcemanager/scheduler/capacity/QueueCapacityUpdateContext.java
====================================
Total chunks: 1
Chunk 1/1
Chunk completed in 51.42 sec
Saved: summaries/QueueCapacityUpdateContext.java_summary.txt

====================================
PROCESSING: /scratch/hpc-prf-dssecs/group5/week4_v2/hadoop/hadoop-yarn-project/hadoop-yarn/hadoop-yarn-server/hadoop-yarn-server-resourcemanager/src/main/java/org/apache/hadoop/yarn/server/resourcemanager/scheduler/capacity/WeightQueueCapacityCalculator.java
====================================
Total chunks: 1
Chunk 1/1
Chunk completed in 57.01 sec
Saved: summaries/WeightQueueCapacityCalculator.java_summary.txt

====================================
PROCESSING: /scratch/hpc-prf-dssecs/group5/week4_v2/hadoop/hadoop-yarn-project/hadoop-yarn/hadoop-yarn-server/hadoop-yarn-server-resourcemanager/src/main/java/org/apache/hadoop/yarn/server/resourcemanager/scheduler/capacity/CalculationContext.java
====================================
Total chunks: 1
Chunk 1/1
Chunk completed in 56.08 sec
Saved: summaries/CalculationContext.java_summary.txt

====================================
PROCESSING: /scratch/hpc-prf-dssecs/group5/week4_v2/hadoop/hadoop-yarn-project/hadoop-yarn/hadoop-yarn-server/hadoop-yarn-server-resourcemanager/src/main/java/org/apache/hadoop/yarn/server/resourcemanager/scheduler/capacity/AbstractQueueCapacityCalculator.java
====================================
Total chunks: 1
Chunk 1/1
Chunk completed in 55.80 sec
Saved: summaries/AbstractQueueCapacityCalculator.java_summary.txt

====================================
PROCESSING: /scratch/hpc-prf-dssecs/group5/week4_v2/hadoop/hadoop-yarn-project/hadoop-yarn/hadoop-yarn-server/hadoop-yarn-server-resourcemanager/src/main/java/org/apache/hadoop/yarn/server/resourcemanager/scheduler/capacity/RootCalculationDriver.java
====================================
Total chunks: 1
Chunk 1/1
Chunk completed in 59.92 sec
Saved: summaries/RootCalculationDriver.java_summary.txt

====================================
PROCESSING: /scratch/hpc-prf-dssecs/group5/week4_v2/hadoop/hadoop-yarn-project/hadoop-yarn/hadoop-yarn-server/hadoop-yarn-server-resourcemanager/src/main/java/org/apache/hadoop/yarn/server/resourcemanager/scheduler/capacity/QueueManagementDynamicEditPolicy.java
====================================
Total chunks: 1
Chunk 1/1
Chunk completed in 56.23 sec
Saved: summaries/QueueManagementDynamicEditPolicy.java_summary.txt

====================================
PROCESSING: /scratch/hpc-prf-dssecs/group5/week4_v2/hadoop/hadoop-yarn-project/hadoop-yarn/hadoop-yarn-server/hadoop-yarn-server-resourcemanager/src/main/java/org/apache/hadoop/yarn/server/resourcemanager/scheduler/capacity/CapacitySchedulerQueueContext.java
====================================
Total chunks: 1
Chunk 1/1
Chunk completed in 56.74 sec
Saved: summaries/CapacitySchedulerQueueContext.java_summary.txt

====================================
PROCESSING: /scratch/hpc-prf-dssecs/group5/week4_v2/hadoop/hadoop-yarn-project/hadoop-yarn/hadoop-yarn-server/hadoop-yarn-server-resourcemanager/src/main/java/org/apache/hadoop/yarn/server/resourcemanager/scheduler/capacity/UserWeights.java
====================================
Total chunks: 1
Chunk 1/1
Chunk completed in 52.88 sec
Saved: summaries/UserWeights.java_summary.txt

====================================
PROCESSING: /scratch/hpc-prf-dssecs/group5/week4_v2/hadoop/hadoop-yarn-project/hadoop-yarn/hadoop-yarn-server/hadoop-yarn-server-resourcemanager/src/main/java/org/apache/hadoop/yarn/server/resourcemanager/scheduler/capacity/CapacitySchedulerQueueManager.java
====================================
Total chunks: 3
Chunk 1/3
Chunk completed in 86.89 sec
Chunk 2/3
Chunk completed in 77.21 sec
Chunk 3/3
Chunk completed in 60.03 sec
Saved: summaries/CapacitySchedulerQueueManager.java_summary.txt

====================================
PROCESSING: /scratch/hpc-prf-dssecs/group5/week4_v2/hadoop/hadoop-yarn-project/hadoop-yarn/hadoop-yarn-server/hadoop-yarn-server-resourcemanager/src/main/java/org/apache/hadoop/yarn/server/resourcemanager/scheduler/capacity/PlanQueue.java
====================================
Total chunks: 1
Chunk 1/1
Chunk completed in 55.83 sec
Saved: summaries/PlanQueue.java_summary.txt

====================================
PROCESSING: /scratch/hpc-prf-dssecs/group5/week4_v2/hadoop/hadoop-yarn-project/hadoop-yarn/hadoop-yarn-server/hadoop-yarn-server-resourcemanager/src/main/java/org/apache/hadoop/yarn/server/resourcemanager/scheduler/capacity/placement/package-info.java
====================================
Total chunks: 1
Chunk 1/1
Chunk completed in 45.56 sec
Saved: summaries/placement_package-info.java_summary.txt

====================================
PROCESSING: /scratch/hpc-prf-dssecs/group5/week4_v2/hadoop/hadoop-yarn-project/hadoop-yarn/hadoop-yarn-server/hadoop-yarn-server-resourcemanager/src/main/java/org/apache/hadoop/yarn/server/resourcemanager/scheduler/capacity/placement/MappingRuleCreator.java
====================================
Total chunks: 1
Chunk 1/1
Chunk completed in 66.11 sec
Saved: summaries/placement_MappingRuleCreator.java_summary.txt

====================================
PROCESSING: /scratch/hpc-prf-dssecs/group5/week4_v2/hadoop/hadoop-yarn-project/hadoop-yarn/hadoop-yarn-server/hadoop-yarn-server-resourcemanager/src/main/java/org/apache/hadoop/yarn/server/resourcemanager/scheduler/capacity/placement/GeneratePojos.java
====================================
Total chunks: 1
Chunk 1/1
Chunk completed in 45.69 sec
Saved: summaries/placement_GeneratePojos.java_summary.txt

====================================
PROCESSING: /scratch/hpc-prf-dssecs/group5/week4_v2/hadoop/hadoop-yarn-project/hadoop-yarn/hadoop-yarn-server/hadoop-yarn-server-resourcemanager/src/main/java/org/apache/hadoop/yarn/server/resourcemanager/scheduler/capacity/placement/converter/LegacyMappingRuleToJson.java
====================================
Total chunks: 2
Chunk 1/2
Chunk completed in 64.36 sec
Chunk 2/2
Chunk completed in 58.50 sec
Saved: summaries/placement_converter_LegacyMappingRuleToJson.java_summary.txt

====================================
PROCESSING: /scratch/hpc-prf-dssecs/group5/week4_v2/hadoop/hadoop-yarn-project/hadoop-yarn/hadoop-yarn-server/hadoop-yarn-server-resourcemanager/src/main/java/org/apache/hadoop/yarn/server/resourcemanager/scheduler/capacity/allocator/ContainerAllocator.java
====================================
Total chunks: 1
Chunk 1/1
Chunk completed in 50.18 sec
Saved: summaries/allocator_ContainerAllocator.java_summary.txt

====================================
PROCESSING: /scratch/hpc-prf-dssecs/group5/week4_v2/hadoop/hadoop-yarn-project/hadoop-yarn/hadoop-yarn-server/hadoop-yarn-server-resourcemanager/src/main/java/org/apache/hadoop/yarn/server/resourcemanager/scheduler/capacity/allocator/AbstractContainerAllocator.java
====================================
Total chunks: 1
Chunk 1/1
Chunk completed in 61.61 sec
Saved: summaries/allocator_AbstractContainerAllocator.java_summary.txt

====================================
PROCESSING: /scratch/hpc-prf-dssecs/group5/week4_v2/hadoop/hadoop-yarn-project/hadoop-yarn/hadoop-yarn-server/hadoop-yarn-server-resourcemanager/src/main/java/org/apache/hadoop/yarn/server/resourcemanager/scheduler/capacity/allocator/ContainerAllocation.java
====================================
Total chunks: 1
Chunk 1/1
Chunk completed in 59.72 sec
Saved: summaries/allocator_ContainerAllocation.java_summary.txt

====================================
PROCESSING: /scratch/hpc-prf-dssecs/group5/week4_v2/hadoop/hadoop-yarn-project/hadoop-yarn/hadoop-yarn-server/hadoop-yarn-server-resourcemanager/src/main/java/org/apache/hadoop/yarn/server/resourcemanager/scheduler/capacity/allocator/AllocationState.java
====================================
Total chunks: 1
Chunk 1/1
Chunk completed in 36.20 sec
Saved: summaries/allocator_AllocationState.java_summary.txt

====================================
PROCESSING: /scratch/hpc-prf-dssecs/group5/week4_v2/hadoop/hadoop-yarn-project/hadoop-yarn/hadoop-yarn-server/hadoop-yarn-server-resourcemanager/src/main/java/org/apache/hadoop/yarn/server/resourcemanager/scheduler/capacity/allocator/RegularContainerAllocator.java
====================================
Total chunks: 4
Chunk 1/4
Chunk completed in 72.71 sec
Chunk 2/4
Chunk completed in 67.62 sec
Chunk 3/4
Chunk completed in 67.50 sec
Chunk 4/4
Chunk completed in 64.77 sec
Saved: summaries/allocator_RegularContainerAllocator.java_summary.txt

====================================
PROCESSING: /scratch/hpc-prf-dssecs/group5/week4_v2/hadoop/hadoop-yarn-project/hadoop-yarn/hadoop-yarn-server/hadoop-yarn-server-resourcemanager/src/main/java/org/apache/hadoop/yarn/server/resourcemanager/scheduler/capacity/CSMaxRunningAppsEnforcer.java
====================================
Total chunks: 2
Chunk 1/2
Chunk completed in 62.93 sec
Chunk 2/2
Chunk completed in 60.13 sec
Saved: summaries/CSMaxRunningAppsEnforcer.java_summary.txt

====================================
PROCESSING: /scratch/hpc-prf-dssecs/group5/week4_v2/hadoop/hadoop-yarn-project/hadoop-yarn/hadoop-yarn-server/hadoop-yarn-server-resourcemanager/src/main/java/org/apache/hadoop/yarn/server/resourcemanager/scheduler/capacity/QueuePrefixes.java
====================================
Total chunks: 1
Chunk 1/1
Chunk completed in 44.35 sec
Saved: summaries/QueuePrefixes.java_summary.txt

====================================
PROCESSING: /scratch/hpc-prf-dssecs/group5/week4_v2/hadoop/hadoop-yarn-project/hadoop-yarn/hadoop-yarn-server/hadoop-yarn-server-resourcemanager/src/main/java/org/apache/hadoop/yarn/server/resourcemanager/scheduler/capacity/CSQueuePreemptionSettings.java
====================================
Total chunks: 1
Chunk 1/1
Chunk completed in 50.97 sec
Saved: summaries/CSQueuePreemptionSettings.java_summary.txt

====================================
PROCESSING: /scratch/hpc-prf-dssecs/group5/week4_v2/hadoop/hadoop-yarn-project/hadoop-yarn/hadoop-yarn-server/hadoop-yarn-server-resourcemanager/src/main/java/org/apache/hadoop/yarn/server/resourcemanager/scheduler/capacity/PercentageQueueCapacityCalculator.java
====================================
Total chunks: 1
Chunk 1/1
Chunk completed in 51.73 sec
Saved: summaries/PercentageQueueCapacityCalculator.java_summary.txt

====================================
PROCESSING: /scratch/hpc-prf-dssecs/group5/week4_v2/hadoop/hadoop-yarn-project/hadoop-yarn/hadoop-yarn-server/hadoop-yarn-server-resourcemanager/src/main/java/org/apache/hadoop/yarn/server/resourcemanager/scheduler/capacity/ParentQueue.java
====================================
Total chunks: 1
Chunk 1/1
Chunk completed in 56.89 sec
Saved: summaries/ParentQueue.java_summary.txt

====================================
PROCESSING: /scratch/hpc-prf-dssecs/group5/week4_v2/hadoop/hadoop-yarn-project/hadoop-yarn/hadoop-yarn-server/hadoop-yarn-server-resourcemanager/src/main/java/org/apache/hadoop/yarn/server/resourcemanager/scheduler/capacity/ReservationQueue.java
====================================
Total chunks: 1
Chunk 1/1
Chunk completed in 58.48 sec
Saved: summaries/ReservationQueue.java_summary.txt

====================================
PROCESSING: /scratch/hpc-prf-dssecs/group5/week4_v2/hadoop/hadoop-yarn-project/hadoop-yarn/hadoop-yarn-server/hadoop-yarn-server-resourcemanager/src/main/java/org/apache/hadoop/yarn/server/resourcemanager/scheduler/capacity/CSQueueInfoProvider.java
====================================
Total chunks: 1
Chunk 1/1
Chunk completed in 70.40 sec
Saved: summaries/CSQueueInfoProvider.java_summary.txt

====================================
PROCESSING: /scratch/hpc-prf-dssecs/group5/week4_v2/hadoop/hadoop-yarn-project/hadoop-yarn/hadoop-yarn-server/hadoop-yarn-server-resourcemanager/src/main/java/org/apache/hadoop/yarn/server/resourcemanager/scheduler/capacity/SchedulingMode.java
====================================
Total chunks: 1
Chunk 1/1
Chunk completed in 38.03 sec
Saved: summaries/SchedulingMode.java_summary.txt

====================================
PROCESSING: /scratch/hpc-prf-dssecs/group5/week4_v2/hadoop/hadoop-yarn-project/hadoop-yarn/hadoop-yarn-server/hadoop-yarn-server-resourcemanager/src/main/java/org/apache/hadoop/yarn/server/resourcemanager/scheduler/capacity/CapacityScheduler.java
====================================
Total chunks: 12
Chunk 1/12
Chunk completed in 78.43 sec
Chunk 2/12
Chunk completed in 69.17 sec
Chunk 3/12
Chunk completed in 65.07 sec
Chunk 4/12
Chunk completed in 74.04 sec
Chunk 5/12
Chunk completed in 89.04 sec
Chunk 6/12
Chunk completed in 72.74 sec
Chunk 7/12
Chunk completed in 70.29 sec
Chunk 8/12
Chunk completed in 75.70 sec
Chunk 9/12
Chunk completed in 62.60 sec
Chunk 10/12
Chunk completed in 59.88 sec
Chunk 11/12
Chunk completed in 69.09 sec
Chunk 12/12
Chunk completed in 60.99 sec
Saved: summaries/CapacityScheduler.java_summary.txt

====================================
PROCESSING: /scratch/hpc-prf-dssecs/group5/week4_v2/hadoop/hadoop-yarn-project/hadoop-yarn/hadoop-yarn-server/hadoop-yarn-server-resourcemanager/src/main/java/org/apache/hadoop/yarn/server/resourcemanager/scheduler/capacity/CSQueueStore.java
====================================
Total chunks: 1
Chunk 1/1
Chunk completed in 66.31 sec
Saved: summaries/CSQueueStore.java_summary.txt

====================================
PROCESSING: /scratch/hpc-prf-dssecs/group5/week4_v2/hadoop/hadoop-yarn-project/hadoop-yarn/hadoop-yarn-server/hadoop-yarn-server-resourcemanager/src/main/java/org/apache/hadoop/yarn/server/resourcemanager/scheduler/capacity/ConfiguredNodeLabels.java
====================================
Total chunks: 1
Chunk 1/1
Chunk completed in 53.56 sec
Saved: summaries/ConfiguredNodeLabels.java_summary.txt

====================================
PROCESSING: /scratch/hpc-prf-dssecs/group5/week4_v2/hadoop/hadoop-yarn-project/hadoop-yarn/hadoop-yarn-server/hadoop-yarn-server-resourcemanager/src/main/java/org/apache/hadoop/yarn/server/resourcemanager/scheduler/capacity/ResourceCalculationDriver.java
====================================
Total chunks: 2
Chunk 1/2
Chunk completed in 68.89 sec
Chunk 2/2
Chunk completed in 53.36 sec
Saved: summaries/ResourceCalculationDriver.java_summary.txt

====================================
PROCESSING: /scratch/hpc-prf-dssecs/group5/week4_v2/hadoop/hadoop-yarn-project/hadoop-yarn/hadoop-yarn-server/hadoop-yarn-server-resourcemanager/src/main/java/org/apache/hadoop/yarn/server/resourcemanager/scheduler/capacity/QueueConfigurationAutoRefreshPolicy.java
====================================
Total chunks: 1
Chunk 1/1
Chunk completed in 61.66 sec
Saved: summaries/QueueConfigurationAutoRefreshPolicy.java_summary.txt

ALL FILES COMPLETED
LEAF SUMMARIZATION DONE
